// Jest Snapshot v1, https://goo.gl/fbAQLP

exports[`renders 1`] = `
<div
  className="container"
>
  <h2>
    Projects
  </h2>
  <div>
    <table
      aria-label="More Projects"
      className="c-more-projects-table"
    >
      <thead
        className="c-more-projects-table__thead hidden-md-down"
      >
        <tr>
          <th
            className="c-more-projects-table__th c-more-projects-table__th-project"
            scope="col"
          >
            Project
          </th>
          <th
            className="c-more-projects-table__th c-more-projects-table__th-last-updated"
            scope="col"
          >
            Last Updated
          </th>
          <th
            className="c-more-projects-table__th c-more-projects-table__th-status"
            scope="col"
          >
            Status
          </th>
        </tr>
      </thead>
      <tbody
        className="c-more-projects-table__tbody"
      />
    </table>
    <div
      className="c-more-projects__show-more-button-wrapper"
    >
      <button
        className="btn btn-secondary c-more-projects__show-more-button"
        disabled={false}
        onClick={[Function]}
        type="button"
      >
        Show more
      </button>
    </div>
  </div>
</div>
`;
