// Jest Snapshot v1, https://goo.gl/fbAQLP

exports[`renders 1`] = `
Array [
  <h2>
    
     Projects
  </h2>,
  <div>
    <table
      aria-label="More Projects"
      className="m-more-projects-table"
    >
      <thead
        className="m-more-projects-table__thead d-none d-md-table-row"
      >
        <tr>
          <th
            className="m-more-projects-table__th m-more-projects-table__th-project"
            scope="col"
          >
            Project
          </th>
          <th
            className="m-more-projects-table__th m-more-projects-table__th-last-updated"
            scope="col"
          >
            Last Updated
          </th>
          <th
            className="m-more-projects-table__th m-more-projects-table__th-status"
            scope="col"
          >
            Status
          </th>
        </tr>
      </thead>
      <tbody
        className="m-more-projects-table__tbody"
      >
        <tr
          className="m-more-projects-table__tr"
        >
          <td
            className="m-more-projects-table__td m-more-projects-table__td-project"
          >
            <img
              alt="Photo of stuff"
              className="d-none d-sm-block m-more-projects-table__thumbnail"
              src="http://www.example.com/some.gif"
            />
            <div
              className="m-more-projects-table__wrapper"
            >
              <a
                href="http://www.mbta.com/awesome_project"
              >
                <h3
                  className="m-more-projects-table__title"
                >
                  The Awesome Project
                </h3>
              </a>
              <div
                className="m-more-projects-table__updated-and-status d-lg-none"
              >
                <div
                  className="m-more-projects-table__last-updated"
                >
                  <span
                    className="m-more-projects-table__internal-header"
                  >
                    Last updated
                  </span>
                  <br />
                  June 2, 2018
                  <br />
                  <span
                    aria-hidden="false"
                    className="notranslate c-svg__icon m-more-projects-table__route-icon d-lg-none"
                    dangerouslySetInnerHTML={
                      Object {
                        "__html": "SVG",
                      }
                    }
                  />
                  <span
                    aria-hidden="false"
                    className="notranslate c-svg__icon m-more-projects-table__route-icon d-lg-none"
                    dangerouslySetInnerHTML={
                      Object {
                        "__html": "SVG",
                      }
                    }
                  />
                </div>
              </div>
              <span
                aria-hidden="false"
                className="notranslate c-svg__icon m-more-projects-table__route-icon d-none d-md-inline-block"
                dangerouslySetInnerHTML={
                  Object {
                    "__html": "SVG",
                  }
                }
              />
              <span
                aria-hidden="false"
                className="notranslate c-svg__icon m-more-projects-table__route-icon d-none d-md-inline-block"
                dangerouslySetInnerHTML={
                  Object {
                    "__html": "SVG",
                  }
                }
              />
            </div>
          </td>
          <td
            className="m-more-projects-table__td m-more-projects-table__td-last-updated d-none d-md-table-cell"
          >
            June 2, 2018
          </td>
          <td
            className="m-more-projects-table__td m-more-projects-table__td-status d-none d-md-table-cell"
          >
            <span
              className="m-more-projects-table__status-wrapper"
            />
          </td>
        </tr>
      </tbody>
    </table>
    <div
      className="m-more-projects__show-more-button-wrapper"
    >
      <button
        className="btn btn-secondary m-more-projects__show-more-button"
        disabled={false}
        onClick={[Function]}
        type="button"
      >
        Show more
      </button>
    </div>
  </div>,
]
`;
