// Jest Snapshot v1, https://goo.gl/fbAQLP

exports[`it renders 1`] = `
<div
  className="m-shuttles-map"
  style={
    Object {
      "backgroundColor": "#ee000011",
      "border": "1px dotted gray",
      "fontSize": "12px",
      "height": "444px",
    }
  }
>
  Center?: 
  <details>
    <summary>
      Shapes: (
      10
      )
    </summary>
    <p>
      931_0009-70071-70081-0
       (
      not shuttle
      ):
       
      0
    </p>
    <p>
      KendallToBroadway-S
       (
      shuttle
      ):
       
      0
    </p>
    <p>
      931_0009-70071-70081-2
       (
      not shuttle
      ):
       
      0
    </p>
    <p>
      933_0009-70071-70081-0
       (
      not shuttle
      ):
       
      0
    </p>
    <p>
      933_0009-70071-70081-2
       (
      not shuttle
      ):
       
      0
    </p>
    <p>
      931_0010-70082-70072-0
       (
      not shuttle
      ):
       
      1
    </p>
    <p>
      BroadwayToKendall-S
       (
      shuttle
      ):
       
      1
    </p>
    <p>
      931_0010-70082-70072-2
       (
      not shuttle
      ):
       
      1
    </p>
    <p>
      933_0010-70082-70072-0
       (
      not shuttle
      ):
       
      1
    </p>
    <p>
      933_0010-70082-70072-2
       (
      not shuttle
      ):
       
      1
    </p>
  </details>
  <details>
    <summary>
      Stops: (
      32
      )
    </summary>
    <p>
      place-alfcl
       
      Alewife
       (
      rail_unaffected
      ) - (
      42.395428
      ,
      -71.142483
      )
    </p>
    <p>
      place-davis
       
      Davis
       (
      rail_unaffected
      ) - (
      42.39674
      ,
      -71.121815
      )
    </p>
    <p>
      place-portr
       
      Porter
       (
      rail_unaffected
      ) - (
      42.3884
      ,
      -71.119149
      )
    </p>
    <p>
      place-harsq
       
      Harvard
       (
      rail_unaffected
      ) - (
      42.373362
      ,
      -71.118956
      )
    </p>
    <p>
      place-cntsq
       
      Central
       (
      rail_unaffected
      ) - (
      42.365486
      ,
      -71.103802
      )
    </p>
    <p>
      place-knncl
       
      Kendall/MIT
       (
      rail_affected
      ) - (
      42.362491
      ,
      -71.086177
      )
    </p>
    <p>
      place-chmnl
       
      Charles/MGH
       (
      rail_affected
      ) - (
      42.361166
      ,
      -71.070628
      )
    </p>
    <p>
      place-pktrm
       
      Park Street
       (
      rail_affected
      ) - (
      42.356395
      ,
      -71.062424
      )
    </p>
    <p>
      place-dwnxg
       
      Downtown Crossing
       (
      rail_affected
      ) - (
      42.355518
      ,
      -71.060225
      )
    </p>
    <p>
      place-sstat
       
      South Station
       (
      rail_affected
      ) - (
      42.352271
      ,
      -71.055242
      )
    </p>
    <p>
      place-brdwy
       
      Broadway
       (
      rail_affected
      ) - (
      42.342622
      ,
      -71.056967
      )
    </p>
    <p>
      place-andrw
       
      Andrew
       (
      rail_unaffected
      ) - (
      42.330154
      ,
      -71.057655
      )
    </p>
    <p>
      place-jfk
       
      JFK/UMass
       (
      rail_unaffected
      ) - (
      42.320685
      ,
      -71.052391
      )
    </p>
    <p>
      place-shmnl
       
      Savin Hill
       (
      rail_unaffected
      ) - (
      42.31129
      ,
      -71.053331
      )
    </p>
    <p>
      place-fldcr
       
      Fields Corner
       (
      rail_unaffected
      ) - (
      42.300093
      ,
      -71.061667
      )
    </p>
    <p>
      place-smmnl
       
      Shawmut
       (
      rail_unaffected
      ) - (
      42.293126
      ,
      -71.065738
      )
    </p>
    <p>
      place-asmnl
       
      Ashmont
       (
      rail_unaffected
      ) - (
      42.284652
      ,
      -71.064489
      )
    </p>
    <p>
      place-nqncy
       
      North Quincy
       (
      rail_unaffected
      ) - (
      42.275275
      ,
      -71.029583
      )
    </p>
    <p>
      place-wlsta
       
      Wollaston
       (
      rail_unaffected
      ) - (
      42.266514
      ,
      -71.020337
      )
    </p>
    <p>
      place-qnctr
       
      Quincy Center
       (
      rail_unaffected
      ) - (
      42.251809
      ,
      -71.005409
      )
    </p>
    <p>
      place-qamnl
       
      Quincy Adams
       (
      rail_unaffected
      ) - (
      42.233391
      ,
      -71.007153
      )
    </p>
    <p>
      place-brntn
       
      Braintree
       (
      rail_unaffected
      ) - (
      42.207854
      ,
      -71.001138
      )
    </p>
    <p>
      9070071
       
      Kendall/MIT
       (
      shuttle
      ) - (
      42.362551
      ,
      -71.086826
      )
    </p>
    <p>
      9070073
       
      Charles/MGH
       (
      shuttle
      ) - (
      42.361003
      ,
      -71.068975
      )
    </p>
    <p>
      9070076
       
      Park Street
       (
      shuttle
      ) - (
      42.356164
      ,
      -71.062487
      )
    </p>
    <p>
      6564
       
      Summer St @ South Station - Red Line entrance
       (
      shuttle
      ) - (
      42.352253
      ,
      -71.054774
      )
    </p>
    <p>
      150
       
      Broadway Station - Red Line
       (
      shuttle
      ) - (
      42.342652
      ,
      -71.057065
      )
    </p>
    <p>
      151
       
      W Broadway @ Broadway Station
       (
      shuttle
      ) - (
      42.342664
      ,
      -71.056949
      )
    </p>
    <p>
      892
       
      Summer St @ Atlantic Ave
       (
      shuttle
      ) - (
      42.3526
      ,
      -71.05501
      )
    </p>
    <p>
      6551
       
      Federal St @ Franklin St
       (
      shuttle
      ) - (
      42.355286
      ,
      -71.056411
      )
    </p>
    <p>
      4510
       
      Cambridge St @ Government Ctr Sta
       (
      shuttle
      ) - (
      42.359634
      ,
      -71.059706
      )
    </p>
    <p>
      9070074
       
      Charles/MGH
       (
      shuttle
      ) - (
      42.361222
      ,
      -71.069966
      )
    </p>
  </details>
</div>
`;
