// Jest Snapshot v1, https://goo.gl/fbAQLP

exports[`it renders 1`] = `
<div
  className="c-feedback"
>
  <h3>
    Feedback
  </h3>
  Please report issues with cleanliness, signage, and any other concerns you may have. We will do our best to address the issues as soon as possible.
  <a
    className="btn btn-secondary c-feedback__button"
    href="/customer-support?comments=Some title"
  >
    Contact us
  </a>
</div>
`;
