// Jest Snapshot v1, https://goo.gl/fbAQLP

exports[`it does not render a pill when showPill is false 1`] = `null`;

exports[`it doesn't render with no stop selected 1`] = `null`;

exports[`it renders with a stop selected 1`] = `
Array [
  <div
    className="m-tnm-sidebar__separator"
  />,
  <span
    aria-label="Remove filtering by Stop Name"
    className="m-tnm-sidebar__pill"
    onClick={[Function]}
    onKeyPress={[Function]}
    role="button"
    tabIndex={0}
  >
    <span
      className="m-tnm-sidebar__pill-name"
    >
      Stop Name
    </span>
    <span
      className="m-tnm-sidebar__pill-close fa fa-times-circle"
    />
  </span>,
]
`;
