// Jest Snapshot v1, https://goo.gl/fbAQLP

exports[`ScheduleFinderModal matches snapshot in origin mode with origin selected 1`] = `
"<ScheduleFinderModal closeModal={[Function: closeModal]} initialMode=\\"origin\\" route={{...}} routePatternsByDirection={{...}} services={{...}} stops={{...}} today=\\"2019-12-05\\" updateURL={[Function: updateURL]} initialDirection={0} directionChanged={[undefined]} initialOrigin={{...}} originChanged={[undefined]} handleOriginSelectClick={[Function: handleOriginSelectClick]} scheduleNote={{...}}>
  <WrappedModal focusElementId=\\"origin-filter\\" ariaLabel={{...}} className=\\"schedule-finder__origin-modal\\" closeModal={[Function: closeModal]}>
    <Modal focusElementId=\\"origin-filter\\" ariaLabel={{...}} className=\\"schedule-finder__origin-modal\\" closeModal={[Function: closeModal]} priorPadding=\\"0px\\" paddingRight={0}>
      <ModalContent bodyPadding=\\"0px\\" scrollBarPadding={0} closeText=\\"Close\\" role=\\"dialog\\" ariaLabel={{...}} focusElementId=\\"origin-filter\\" className=\\"schedule-finder__origin-modal\\" closeModal={[Function: closeModal]}>
        <Portal containerInfo={{...}}>
          <aside aria-modal={true} aria-label=\\"Choose Origin Stop\\" role=\\"dialog\\" id=\\"modal-cover\\" className=\\"c-modal__cover\\" tabIndex={-1} onKeyDown={[Function: onKeyDown]} onClick={[Function: onClick]}>
            <div className=\\"c-modal schedule-finder__origin-modal\\">
              <button id=\\"modal-close\\" className=\\"btn btn-secondary c-modal__close\\" onClick={[Function: onClick]} type=\\"button\\">
                Close
              </button>
              <div className=\\"c-modal__content\\">
                <OriginModalContent handleChangeOrigin={[Function: handleChangeOrigin]} selectedOrigin={{...}} stops={{...}}>
                  <br />
                  <h3 className=\\"schedule-finder__origin-text\\">
                    Choose an origin stop
                  </h3>
                  <SearchBox id=\\"origin-filter\\" labelText=\\"Choose an origin stop\\" className=\\"schedule-finder__origin-search-container\\" placeholder=\\"Filter stops and stations\\" onChange={[Function: bound dispatchAction]}>
                    <div className=\\"schedule-finder__origin-search-container c-form__input-container\\">
                      <label htmlFor=\\"origin-filter\\" className=\\"sr-only\\">
                        Choose an origin stop
                      </label>
                      <input className=\\"c-form__input\\" id=\\"origin-filter\\" type=\\"text\\" onChange={[Function: onChange]} value=\\"\\" placeholder=\\"Filter stops and stations\\" />
                      <button className=\\"c-form__submit-btn\\" aria-label=\\"search\\" type=\\"button\\" onClick={[Function: onClick]}>
                        <span className=\\"notranslate c-svg__icon-search-reverse-default\\" aria-hidden=\\"false\\" dangerouslySetInnerHTML={{...}} />
                      </button>
                    </div>
                  </SearchBox>
                  <p className=\\"schedule-finder__origin-text\\">
                    Select from the list below.
                  </p>
                  <div className=\\"schedule-finder__origin-list notranslate\\">
                    <OriginListItem stop={{...}} changeOrigin={[Function: handleChangeOrigin]} selectedOrigin={{...}} lastStop={{...}}>
                      <div tabIndex={0} role=\\"button\\" className=\\"schedule-finder__origin-list-item  disabled\\" onClick={[Function: onClick]} onKeyUp={[Function: onKeyUp]}>
                        <div className=\\"schedule-finder__origin-list-leftpad\\">
                           
                        </div>
                        Wellington
                         
                      </div>
                    </OriginListItem>
                    <OriginListItem stop={{...}} changeOrigin={[Function: handleChangeOrigin]} selectedOrigin={{...}} lastStop={{...}}>
                      <div tabIndex={0} role=\\"button\\" className=\\"schedule-finder__origin-list-item  \\" onClick={[Function: onClick]} onKeyUp={[Function: onKeyUp]}>
                        <div className=\\"schedule-finder__origin-list-leftpad\\">
                           
                        </div>
                        Abc
                         
                      </div>
                    </OriginListItem>
                    <OriginListItem stop={{...}} changeOrigin={[Function: handleChangeOrigin]} selectedOrigin={{...}} lastStop={{...}}>
                      <div tabIndex={0} role=\\"button\\" className=\\"schedule-finder__origin-list-item  disabled\\" onClick={[Function: onClick]} onKeyUp={[Function: onKeyUp]}>
                        <div className=\\"schedule-finder__origin-list-leftpad\\">
                           
                        </div>
                        SL
                         
                        <span className=\\"schedule-finder__zone\\">
                          Zone 
                          1
                        </span>
                      </div>
                    </OriginListItem>
                  </div>
                </OriginModalContent>
              </div>
            </div>
          </aside>
        </Portal>
      </ModalContent>
    </Modal>
  </WrappedModal>
</ScheduleFinderModal>"
`;

exports[`ScheduleFinderModal matches snapshot in schedule mode 1`] = `
"<ScheduleFinderModal closeModal={[Function: closeModal]} initialMode=\\"schedule\\" route={{...}} routePatternsByDirection={{...}} services={{...}} stops={{...}} today=\\"2019-12-05\\" updateURL={[Function: updateURL]} initialDirection={0} directionChanged={[undefined]} initialOrigin=\\"place-welln\\" originChanged={[undefined]} handleOriginSelectClick={[Function: handleOriginSelectClick]} scheduleNote={{...}}>
  <WrappedModal focusElementId=\\"modal-close\\" ariaLabel={{...}} className=\\"\\" closeModal={[Function: closeModal]}>
    <Modal focusElementId=\\"modal-close\\" ariaLabel={{...}} className=\\"\\" closeModal={[Function: closeModal]} priorPadding=\\"0px\\" paddingRight={0}>
      <ModalContent bodyPadding=\\"0px\\" scrollBarPadding={0} closeText=\\"Close\\" role=\\"dialog\\" ariaLabel={{...}} focusElementId=\\"modal-close\\" className=\\"\\" closeModal={[Function: closeModal]}>
        <Portal containerInfo={{...}}>
          <aside aria-modal={true} aria-label=\\"Schedules on the Orange Inbound to Oak Grove from Wellington\\" role=\\"dialog\\" id=\\"modal-cover\\" className=\\"c-modal__cover\\" tabIndex={-1} onKeyDown={[Function: onKeyDown]} onClick={[Function: onClick]}>
            <div className=\\"c-modal \\">
              <button id=\\"modal-close\\" className=\\"btn btn-secondary c-modal__close\\" onClick={[Function: onClick]} type=\\"button\\">
                Close
              </button>
              <div className=\\"c-modal__content\\">
                <ScheduleModalContent handleChangeDirection={[Function: handleChangeDirection]} handleChangeOrigin={[Function: handleChangeOrigin]} handleOriginSelectClick={[Function: handleOriginSelectClick]} route={{...}} routePatternsByDirection={{...}} selectedDirection={0} selectedOrigin=\\"place-welln\\" services={{...}} stops={{...}} today=\\"2019-12-05\\" scheduleNote={{...}}>
                  <div className=\\"schedule-finder schedule-finder--modal\\">
                    <ScheduleFinderForm onDirectionChange={[Function: handleChangeDirection]} onOriginChange={[Function: handleChangeOrigin]} onOriginSelectClick={[Function: handleOriginSelectClick]} route={{...}} selectedDirection={0} selectedOrigin=\\"place-welln\\" stopsByDirection={{...}}>
                      <form onSubmit={[Function: handleSubmit]}>
                        <h2 className=\\"schedule-finder__heading\\">
                          <span className=\\"notranslate c-svg__icon\\" aria-hidden=\\"true\\" dangerouslySetInnerHTML={{...}} />
                           Schedule Finder
                        </h2>
                        <div className=\\"schedule-finder__prompt\\">
                          Choose a stop to get schedule information and real-time departure predictions.
                        </div>
                        <div className=\\"schedule-finder__inputs\\">
                          <label className=\\"schedule-finder__label\\">
                            Choose a direction
                            <SelectContainer>
                              <div tabIndex={0} className=\\"c-select-custom__container \\" role=\\"button\\" onClick={[Function: onClick]} onKeyUp={[Function: onKeyUp]}>
                                <select className=\\"c-select-custom notranslate\\" value={0} onChange={[Function: onChange]}>
                                  <option value={0} aria-label=\\"INBOUND \\\\n  Oak Grove\\">
                                    INBOUND 
                                      Oak Grove
                                  </option>
                                  <option value={1} aria-label=\\"OUTBOUND \\\\n  Forest Hills\\">
                                    OUTBOUND 
                                      Forest Hills
                                  </option>
                                </select>
                                <span className=\\"notranslate c-svg__icon c-select-custom__arrow\\" aria-hidden=\\"true\\" dangerouslySetInnerHTML={{...}} />
                              </div>
                            </SelectContainer>
                          </label>
                          <label className=\\"schedule-finder__label\\">
                            Choose an origin stop
                            <SelectContainer error={false} handleClick={[Function: handleOriginClick]}>
                              <div tabIndex={0} className=\\"c-select-custom__container \\" role=\\"button\\" onClick={[Function: onClick]} onKeyUp={[Function: onKeyUp]}>
                                <select className=\\"c-select-custom c-select-custom--noclick notranslate\\" value=\\"place-welln\\" onChange={[Function: onChange]}>
                                  <option value=\\"\\">
                                    Select
                                  </option>
                                  <option value=\\"place-welln\\" aria-label=\\"Wellington\\">
                                    Wellington
                                  </option>
                                  <option value=\\"123\\" aria-label=\\"Abc\\">
                                    Abc
                                  </option>
                                  <option value=\\"741\\" aria-label=\\"SL\\">
                                    SL
                                  </option>
                                </select>
                                <span className=\\"notranslate c-svg__icon c-select-custom__arrow\\" aria-hidden=\\"true\\" dangerouslySetInnerHTML={{...}} />
                              </div>
                            </SelectContainer>
                          </label>
                        </div>
                        <div className=\\"schedule-finder__submit text-right\\">
                          <input className=\\"btn btn-primary\\" type=\\"submit\\" value=\\"Get schedules\\" />
                        </div>
                      </form>
                    </ScheduleFinderForm>
                  </div>
                  <DailyScheduleSubway stops={{...}} services={{...}} stopId=\\"place-welln\\" directionId={0} routeId=\\"Orange\\" route={{...}} scheduleNote={{...}} today=\\"2019-12-05\\">
                    <div>
                      <div className=\\"u-highlight-gray m-n24\\">
                        <div className=\\"m-24\\">
                          <div className=\\"d-flex pt-10\\">
                            <RouteIcon tag=\\"orange\\" extraClasses=\\"schedule__icon-header--size me-8\\">
                              <span className=\\"notranslate c-svg__icon schedule__icon-header--size me-8\\" aria-hidden=\\"false\\" dangerouslySetInnerHTML={{...}} />
                            </RouteIcon>
                            <div className=\\"fs-18 u-bold\\">
                              Wellington
                            </div>
                          </div>
                          <div className=\\"fs-12 u-bold pb-10\\">
                            To 
                            Oak Grove
                          </div>
                        </div>
                      </div>
                      <h3 className=\\"pt-18\\">
                        Daily Schedule
                      </h3>
                      <div className=\\"pt-8\\">
                        <SelectContainer>
                          <div tabIndex={0} className=\\"c-select-custom__container \\" role=\\"button\\" onClick={[Function: onClick]} onKeyUp={[Function: onKeyUp]}>
                            <select value=\\"weekday\\" className=\\"c-select-custom notranslate\\" onChange={[Function: onChange]}>
                              <option value=\\"weekday\\">
                                Weekday 
                                (Today)
                              </option>
                              <option value=\\"saturday\\">
                                Saturday 
                              </option>
                              <option value=\\"sunday\\">
                                Sunday 
                              </option>
                            </select>
                            <span className=\\"notranslate c-svg__icon c-select-custom__arrow\\" aria-hidden=\\"true\\" dangerouslySetInnerHTML={{...}} />
                          </div>
                        </SelectContainer>
                      </div>
                      <div className=\\"d-flex justify-content-space-between pt-8\\" style={{...}} aria-live=\\"polite\\">
                        <div className=\\"w-100 u-highlight ps-16 pt-16 pb-16\\">
                          <div className=\\"fs-14\\">
                            First Train
                          </div>
                          <div className=\\"fs-18 u-bold\\" />
                        </div>
                        <div className=\\"w-100 u-highlight ps-16 pt-16 pb-16\\">
                          <div className=\\"fs-14\\">
                            Last Train
                          </div>
                          <div className=\\"fs-18 u-bold\\" />
                        </div>
                      </div>
                      <div className=\\"d-flex pt-8 pb-18 fs-18\\">
                        <a href=\\"/trip-planner/from/\\" className=\\"btn btn-secondary btn-block mt-8\\">
                          Plan Your Trip
                        </a>
                      </div>
                    </div>
                  </DailyScheduleSubway>
                  <div className=\\"callout text-center u-bold\\">
                    There are no scheduled trips for 
                    December 5, 2019
                    .
                  </div>
                </ScheduleModalContent>
              </div>
            </div>
          </aside>
        </Portal>
      </ModalContent>
    </Modal>
  </WrappedModal>
</ScheduleFinderModal>"
`;
