// Jest Snapshot v1, https://goo.gl/fbAQLP

exports[`ScheduleModalContent renders 1`] = `
Array [
  <div
    className="schedule-finder schedule-finder--modal"
  >
    <form
      onSubmit={[Function]}
    >
      <h2
        className="schedule-finder__heading"
      >
        <span
          aria-hidden="true"
          className="notranslate c-svg__icon"
          dangerouslySetInnerHTML={
            Object {
              "__html": "SVG",
            }
          }
        />
         Schedule Finder
      </h2>
      <div
        className="schedule-finder__prompt"
      >
        Choose a stop to get schedule information and real-time departure predictions.
      </div>
      <div
        className="schedule-finder__inputs"
      >
        <label
          className="schedule-finder__label"
        >
          Choose a direction
          <div
            className="c-select-custom__container "
            onClick={[Function]}
            onKeyUp={[Function]}
            role="button"
            tabIndex={0}
          >
            <select
              className="c-select-custom notranslate"
              onChange={[Function]}
              value={0}
            >
              <option
                aria-label="INBOUND 
  Oak Grove"
                value={0}
              >
                INBOUND 
  Oak Grove
              </option>
              <option
                aria-label="OUTBOUND 
  Forest Hills"
                value={1}
              >
                OUTBOUND 
  Forest Hills
              </option>
            </select>
            <span
              aria-hidden="true"
              className="notranslate c-svg__icon c-select-custom__arrow"
              dangerouslySetInnerHTML={
                Object {
                  "__html": "SVG",
                }
              }
            />
          </div>
        </label>
        <label
          className="schedule-finder__label"
        >
          Choose an origin stop
          <div
            className="c-select-custom__container "
            onClick={[Function]}
            onKeyUp={[Function]}
            role="button"
            tabIndex={0}
          >
            <select
              className="c-select-custom c-select-custom--noclick notranslate"
              onChange={[Function]}
              value="place-mlmnl"
            >
              <option
                value=""
              >
                Select
              </option>
              <option
                aria-label="Malden Center"
                value="place-mlmnl"
              >
                Malden Center
              </option>
              <option
                aria-label="Wellington"
                value="place-welln"
              >
                Wellington
              </option>
            </select>
            <span
              aria-hidden="true"
              className="notranslate c-svg__icon c-select-custom__arrow"
              dangerouslySetInnerHTML={
                Object {
                  "__html": "SVG",
                }
              }
            />
          </div>
        </label>
      </div>
      <div
        className="schedule-finder__submit text-right"
      >
        <input
          className="btn btn-primary"
          type="submit"
          value="Get schedules"
        />
      </div>
    </form>
  </div>,
  <div>
    <b>
      Predictions (
      0
      )
    </b>
  </div>,
  <div
    className="callout text-center u-bold"
  >
    There are no scheduled trips for 
    December 5, 2019
    .
  </div>,
]
`;
