// Jest Snapshot v1, https://goo.gl/fbAQLP

exports[`renders 1`] = `
<div>
  <h2>
    Suggested Transfers Nearby
  </h2>
  <div
    className="m-stop-page__transfers"
  >
    <div
      className="c-stop-card"
    >
      <span
        className="c-stop-card__distance"
      >
        128
         ft
      </span>
      <a
        className="c-stop-card__stop-name"
        href="/stops/102"
      >
        Massachusetts Ave @ Prospect St
      </a>
      <div
        className="c-stop-card__icon-container"
      >
        <a
          className="m-stop-page__access-icon"
          href="#header-accessibility"
          onClick={[Function]}
        >
          <span
            className="m-stop-page__icon"
          >
            <span
              aria-hidden="false"
              className="notranslate c-svg__icon-accessible-default"
              dangerouslySetInnerHTML={
                Object {
                  "__html": "SVG",
                }
              }
            />
          </span>
        </a>
      </div>
      <div
        className="c-stop-card__route"
      >
        <div
          className="c-stop-card__bus-pill u-bg--bus u-small-class"
        >
          1
        </div>
        <a
          className="c-stop-card__route-link"
          href="/schedules/1?direction_id=0"
        >
          Harvard
        </a>
      </div>
    </div>
    <div
      className="c-stop-card"
    >
      <span
        className="c-stop-card__distance"
      >
        192
         ft
      </span>
      <a
        className="c-stop-card__stop-name"
        href="/stops/1060"
      >
        Magazine St @ Green St
      </a>
      <div
        className="c-stop-card__icon-container"
      >
        <a
          className="m-stop-page__access-icon"
          href="#header-accessibility"
          onClick={[Function]}
        >
          <span
            className="m-stop-page__icon"
          >
            <span
              aria-hidden="false"
              className="notranslate c-svg__icon-accessible-default"
              dangerouslySetInnerHTML={
                Object {
                  "__html": "SVG",
                }
              }
            />
          </span>
        </a>
      </div>
      <div
        className="c-stop-card__route"
      >
        <div
          className="c-stop-card__bus-pill u-bg--bus u-small-class"
        >
          64
        </div>
        <a
          className="c-stop-card__route-link"
          href="/schedules/64"
        >
          Oak Square - University Park or Kendall/MIT
        </a>
      </div>
      <div
        className="c-stop-card__route"
      >
        <div
          className="c-stop-card__bus-pill u-bg--bus u-small-class"
        >
          CT1
        </div>
        <a
          className="c-stop-card__route-link"
          href="/schedules/701?direction_id=1"
        >
          Boston Medical Center
        </a>
      </div>
      <div
        className="c-stop-card__route"
      >
        <div
          className="c-stop-card__bus-pill u-bg--bus u-small-class"
        >
          83
        </div>
        <a
          className="c-stop-card__route-link"
          href="/schedules/83"
        >
          Rindge Avenue - Central Square, Cambridge
        </a>
      </div>
      <div
        className="c-stop-card__route"
      >
        <div
          className="c-stop-card__bus-pill u-bg--bus u-small-class"
        >
          91
        </div>
        <a
          className="c-stop-card__route-link"
          href="/schedules/91"
        >
          Sullivan - Central Square, Cambridge
        </a>
      </div>
    </div>
    <div
      className="c-stop-card"
    >
      <span
        className="c-stop-card__distance"
      >
        258
         ft
      </span>
      <a
        className="c-stop-card__stop-name"
        href="/stops/1123"
      >
        Green St @ Magazine St
      </a>
      <div
        className="c-stop-card__icon-container"
      >
        <a
          className="m-stop-page__access-icon"
          href="#header-accessibility"
          onClick={[Function]}
        >
          <span
            className="m-stop-page__icon"
          >
            <span
              aria-hidden="false"
              className="notranslate c-svg__icon-accessible-default"
              dangerouslySetInnerHTML={
                Object {
                  "__html": "SVG",
                }
              }
            />
          </span>
        </a>
      </div>
      <div
        className="c-stop-card__route"
      >
        <div
          className="c-stop-card__bus-pill u-bg--bus u-small-class"
        >
          47
        </div>
        <a
          className="c-stop-card__route-link"
          href="/schedules/47?direction_id=0"
        >
          Central Square, Cambridge
        </a>
      </div>
      <div
        className="c-stop-card__route"
      >
        <div
          className="c-stop-card__bus-pill u-bg--bus u-small-class"
        >
          64
        </div>
        <a
          className="c-stop-card__route-link"
          href="/schedules/64?direction_id=0"
        >
          Oak Square
        </a>
      </div>
      <div
        className="c-stop-card__route"
      >
        <div
          className="c-stop-card__bus-pill u-bg--bus u-small-class"
        >
          70
        </div>
        <a
          className="c-stop-card__route-link"
          href="/schedules/70"
        >
          Cedarwood - Central Square, Cambridge
        </a>
      </div>
      <div
        className="c-stop-card__route"
      >
        <div
          className="c-stop-card__bus-pill u-bg--bus u-small-class"
        >
          CT1
        </div>
        <a
          className="c-stop-card__route-link"
          href="/schedules/701?direction_id=0"
        >
          Central Square, Cambridge
        </a>
      </div>
      <div
        className="c-stop-card__route"
      >
        <div
          className="c-stop-card__bus-pill u-bg--bus u-small-class"
        >
          70A
        </div>
        <a
          className="c-stop-card__route-link"
          href="/schedules/70A?direction_id=0"
        >
          North Waltham
        </a>
      </div>
    </div>
  </div>
</div>
`;

exports[`skipped when suggestest transfers is empty 1`] = `null`;
