// Jest Snapshot v1, https://goo.gl/fbAQLP

exports[`renders 1`] = `
Array [
  <div
    className="filter-and-search"
  >
    <div
      className="filter-and-search__wrapper"
    >
      <div
        className="filter-and-search__filter-buttons"
      >
        <div
          className="m-tnm-sidebar__filter-bar"
        >
          <span
            className="m-tnm-sidebar__filter-header u-small-caps"
          >
            Filter
          </span>
          <div
            className="c-mode-filter__filter-btn-group"
          >
            <button
              aria-label="add filter by subway"
              className="btn btn-secondary btn-sm m-tnm-sidebar__filter-btn inactive"
              id="mode-button__subway"
              onClick={[Function]}
              type="button"
            >
              <span
                className="m-tnm-sidebar__mode-icon"
                dangerouslySetInnerHTML={
                  Object {
                    "__html": "SVG",
                  }
                }
              />
              Subway
            </button>
            <button
              aria-label="add filter by bus"
              className="btn btn-secondary btn-sm m-tnm-sidebar__filter-btn inactive"
              id="mode-button__bus"
              onClick={[Function]}
              type="button"
            >
              <span
                className="m-tnm-sidebar__mode-icon"
                dangerouslySetInnerHTML={
                  Object {
                    "__html": "SVG",
                  }
                }
              />
              Bus
            </button>
          </div>
          <div
            className="c-mode-filter__filter-btn-group"
          >
            <button
              aria-label="add filter by commuter_rail"
              className="btn btn-secondary btn-sm m-tnm-sidebar__filter-btn inactive"
              id="mode-button__commuter_rail"
              onClick={[Function]}
              type="button"
            >
              <span
                className="m-tnm-sidebar__mode-icon"
                dangerouslySetInnerHTML={
                  Object {
                    "__html": "SVG",
                  }
                }
              />
              Rail
            </button>
            <button
              aria-label="add filter by ferry"
              className="btn btn-secondary btn-sm m-tnm-sidebar__filter-btn inactive"
              id="mode-button__ferry"
              onClick={[Function]}
              type="button"
            >
              <span
                className="m-tnm-sidebar__mode-icon"
                dangerouslySetInnerHTML={
                  Object {
                    "__html": "SVG",
                  }
                }
              />
              Ferry
            </button>
          </div>
        </div>
      </div>
    </div>
  </div>,
  <div
    className="m-project-page__top-container"
  >
    <div
      className="col-12 col-lg-8 m-project-page__col--no-padding-lg-left"
    >
      <h2
        className="c-projects-header__subheader"
      >
        Featured Projects
      </h2>
      <a
        className="c-banner c-banner--responsive c-banner--lg-9 c-banner--no-margin-top c-banner--default"
        href="/projects/better-bus-project"
      >
        <div
          className="hidden-sm-up"
        >
          <div
            className="row"
          >
            <div
              className="c-banner__image c-banner__image--responsive c-banner__image--default"
              style={
                Object {
                  "backgroundImage": "url(https://live-mbta.pantheonsite.io/sites/default/files/styles/teaser/public/projects/betterbus/betterbus-banner-large.png?itok=qWyWNEZq)",
                }
              }
            >
              <div
                className="sr-only"
              >
                Better Bus Project: Making transit better together
              </div>
            </div>
            <div
              className="c-banner__content c-banner__content--responsive-side-by-side c-banner__content--left u-bg--unknown"
            >
              <div
                className="c-banner__top"
              >
                <h2
                  className="c-banner__title c-banner__title--default"
                >
                  Better Bus Project
                </h2>
              </div>
              <div
                className="c-banner__bottom"
              >
                <span
                  className="c-banner__date"
                >
                  Updated 
                  July 30, 2019
                </span>
              </div>
            </div>
          </div>
        </div>
        <div
          className="hidden-xs-down hidden-lg-up"
        >
          <div
            className="row"
          >
            <div
              className="c-banner__image c-banner__image--responsive-side-by-side c-banner--responsive-no-margin c-banner__image--default"
            >
              <div
                className="c-banner__content c-banner__content--responsive-side-by-side c-banner__content--left u-bg--unknown"
              >
                <div
                  className="c-banner__top"
                >
                  <h2
                    className="c-banner__title c-banner__title--default"
                  >
                    Better Bus Project
                  </h2>
                </div>
                <div
                  className="c-banner__bottom"
                >
                  <span
                    className="c-banner__date"
                  >
                    Updated 
                    July 30, 2019
                  </span>
                </div>
              </div>
              <img
                alt="Better Bus Project: Making transit better together"
                className="c-banner__image--by-side"
                src="https://live-mbta.pantheonsite.io/sites/default/files/styles/teaser/public/projects/betterbus/betterbus-banner-large.png?itok=qWyWNEZq"
              />
              <div
                className="sr-only"
              >
                Better Bus Project: Making transit better together
              </div>
            </div>
          </div>
        </div>
        <div
          className="hidden-md-down"
        >
          <div
            className="c-banner__image c-banner__image--responsive-side-by-side c-banner--responsive-no-margin c-banner__image--default"
          >
            <div
              className="c-banner__content c-banner__content--responsive-side-by-side c-banner__content--left u-bg--unknown"
            >
              <div
                className="c-banner__top"
              >
                <h2
                  className="c-banner__title c-banner__title--default"
                >
                  Better Bus Project
                </h2>
              </div>
              <div
                className="c-banner__bottom"
              >
                <span
                  className="c-banner__date"
                >
                  Updated 
                  July 30, 2019
                </span>
              </div>
            </div>
            <img
              alt="Better Bus Project: Making transit better together"
              className="c-banner__image--by-side"
              src="https://live-mbta.pantheonsite.io/sites/default/files/styles/teaser/public/projects/betterbus/betterbus-banner-large.png?itok=qWyWNEZq"
            />
            <div
              className="sr-only"
            >
              Better Bus Project: Making transit better together
            </div>
          </div>
        </div>
      </a>
      <div
        className="m-featured-project-list"
      >
        <div
          className="page-section"
        >
          <div
            className="m-featured-project-list__row"
          >
            <div
              className="m-featured-project"
            >
              <a
                href="/choo-choo"
              >
                <div
                  className="m-featured-project__image"
                >
                  <img
                    alt="Picture of a train. Choo choo!"
                    src="https://www.imagehost.com/pictureofatrain.jpg"
                  />
                </div>
                <h3
                  className="m-featured-project__title"
                >
                  New choo-choos!
                </h3>
                <div
                  className="m-featured-project__date"
                >
                  Updated on 
                  May 1, 2018
                </div>
                We bought new trains. Choo choo!
                <div
                  className="m-route-pills"
                >
                  <span
                    aria-hidden="false"
                    className="notranslate c-svg__icon m-featured-project__route-icon"
                    dangerouslySetInnerHTML={
                      Object {
                        "__html": "SVG",
                      }
                    }
                  />
                  <span
                    className="m-stop-page__header-feature m-stop-page__header-description u-small-caps u-bg--commuter-rail"
                  >
                    Commuter Rail
                  </span>
                </div>
              </a>
            </div>
            <div
              className="m-featured-project"
            >
              <a
                href="/fixing-track"
              >
                <div
                  className="m-featured-project__image"
                >
                  <img
                    alt="People fixing track or something"
                    src="https://www.imagehost.com/pictureofworkers.jpg"
                  />
                </div>
                <h3
                  className="m-featured-project__title"
                >
                  Track fixing
                </h3>
                <div
                  className="m-featured-project__date"
                >
                  Updated on 
                  April 1, 2018
                </div>
                We're fixing the track. It needs it.
                <div
                  className="m-route-pills"
                >
                  <span
                    className="m-stop-page__header-feature m-stop-page__header-description u-small-caps u-bg--blue-line"
                  >
                    Blue Line
                  </span>
                </div>
              </a>
            </div>
          </div>
          <div
            className="m-featured-project-list__row"
          >
            <div
              className="m-featured-project"
            >
              <a
                href="/east-station"
              >
                <div
                  className="m-featured-project__image"
                >
                  <img
                    alt="Facade of East Station"
                    src="https://www.imagehost.com/pictureofastation.jpg"
                  />
                </div>
                <h3
                  className="m-featured-project__title"
                >
                  East Station opening
                </h3>
                <div
                  className="m-featured-project__date"
                >
                  Updated on 
                  March 1, 2018
                </div>
                We opened East Station, even though it's on the harbor floor.
                <div
                  className="m-route-pills"
                >
                  <span
                    className="m-stop-page__header-feature m-stop-page__header-description u-small-caps u-bg--red-line"
                  >
                    Red Line
                  </span>
                </div>
              </a>
            </div>
            <div
              className="m-featured-project"
            />
          </div>
        </div>
      </div>
    </div>
    <div
      className="col-12 col-lg-offset-half-left col-lg-4 col-lg-3-and-a-half m-project-page__col--no-padding-lg-right"
    >
      <div />
    </div>
    <div
      className="col-lg-12 m-project-page__col--no-padding-lg-right m-project-page__col--no-padding-lg-left"
    >
      <h2>
        More
         Projects
      </h2>
      <div>
        <table
          aria-label="More Projects"
          className="m-more-projects-table"
        >
          <thead
            className="m-more-projects-table__thead hidden-md-down"
          >
            <tr>
              <th
                className="m-more-projects-table__th m-more-projects-table__th-project"
                scope="col"
              >
                Project
              </th>
              <th
                className="m-more-projects-table__th m-more-projects-table__th-last-updated"
                scope="col"
              >
                Last Updated
              </th>
              <th
                className="m-more-projects-table__th m-more-projects-table__th-status"
                scope="col"
              >
                Status
              </th>
            </tr>
          </thead>
          <tbody
            className="m-more-projects-table__tbody"
          >
            <tr
              className="m-more-projects-table__tr"
            >
              <td
                className="m-more-projects-table__td m-more-projects-table__td-project"
              >
                <img
                  alt="Photo of stuff"
                  className="hidden-xs-down m-more-projects-table__thumbnail"
                  src="http://www.example.com/some.gif"
                />
                <div
                  className="m-more-projects-table__wrapper"
                >
                  <a
                    href="http://www.mbta.com/awesome_project"
                  >
                    <h3
                      className="m-more-projects-table__title"
                    >
                      The Awesome Project
                    </h3>
                  </a>
                  <div
                    className="m-more-projects-table__updated-and-status hidden-lg-up"
                  >
                    <div
                      className="m-more-projects-table__last-updated"
                    >
                      <span
                        className="m-more-projects-table__internal-header"
                      >
                        Last updated
                      </span>
                      <br />
                      June 2, 2018
                      <br />
                      <span
                        aria-hidden="false"
                        className="notranslate c-svg__icon m-more-projects-table__route-icon hidden-lg-up"
                        dangerouslySetInnerHTML={
                          Object {
                            "__html": "SVG",
                          }
                        }
                      />
                      <span
                        aria-hidden="false"
                        className="notranslate c-svg__icon m-more-projects-table__route-icon hidden-lg-up"
                        dangerouslySetInnerHTML={
                          Object {
                            "__html": "SVG",
                          }
                        }
                      />
                    </div>
                  </div>
                  <span
                    aria-hidden="false"
                    className="notranslate c-svg__icon m-more-projects-table__route-icon hidden-md-down"
                    dangerouslySetInnerHTML={
                      Object {
                        "__html": "SVG",
                      }
                    }
                  />
                  <span
                    aria-hidden="false"
                    className="notranslate c-svg__icon m-more-projects-table__route-icon hidden-md-down"
                    dangerouslySetInnerHTML={
                      Object {
                        "__html": "SVG",
                      }
                    }
                  />
                </div>
              </td>
              <td
                className="m-more-projects-table__td m-more-projects-table__td-last-updated hidden-md-down"
              >
                June 2, 2018
              </td>
              <td
                className="m-more-projects-table__td m-more-projects-table__td-status hidden-md-down"
              >
                <span
                  className="m-more-projects-table__status-wrapper"
                />
              </td>
            </tr>
          </tbody>
        </table>
        <div
          className="m-more-projects__show-more-button-wrapper"
        >
          <button
            className="btn btn-secondary m-more-projects__show-more-button"
            disabled={false}
            onClick={[Function]}
            type="button"
          >
            Show more
          </button>
        </div>
      </div>
    </div>
  </div>,
]
`;
