// Jest Snapshot v1, https://goo.gl/fbAQLP

exports[`renders 1`] = `
Array [
  <h2
    className="m-projects-header__subheader"
  >
    Project Updates
  </h2>,
  <div
    className="m-project-update-list__row"
  >
    <a
      className="m-project-update-list__item"
      href="/projects/commuter-rail-positive-train-control-ptc/update/ptc-weekly-activities"
    >
      <div>
        <img
          alt="A Commuter Rail train with machinery by its side, the track ties being replaced"
          className="m-project-update__photo"
          src="https://live-mbta.pantheonsite.io/sites/default/files/styles/teaser/public/media/2018-11/commuter-rail-ashland-tie-replacement.jpg?itok=pVKP8vAv"
        />
      </div>
      <div
        className="m-project-update__date u-small-caps"
      >
        August 26, 2019
      </div>
      <h3
        className="m-project-update__title"
      >
        PTC Weekly Activities
      </h3>
      <div
        className="m-route-pills"
      >
        <span
          className="m-stop-page__header-feature m-stop-page__header-description u-small-caps u-bg--commuter-rail"
        >
          Commuter Rail
        </span>
      </div>
    </a>
    <a
      className="m-project-update-list__item"
      href="/projects/wollaston-station-improvements/update/shuttle-service-ends-after-wollaston-reopening"
    >
      <div>
        <img
          alt="Yankee bus shuttle during Wollaston&#039;s renovation"
          className="m-project-update__photo"
          src="https://live-mbta.pantheonsite.io/sites/default/files/styles/teaser/public/projects/wollaston-bus-shuttle-yankee.jpg?itok=kv8lwpvB"
        />
      </div>
      <div
        className="m-project-update__date u-small-caps"
      >
        August 24, 2019
      </div>
      <h3
        className="m-project-update__title"
      >
        Shuttle Service Ends After Wollaston Reopening
      </h3>
      <div
        className="m-route-pills"
      >
        <span
          className="m-stop-page__header-feature m-stop-page__header-description u-small-caps u-bg--red-line"
        >
          Red Line
        </span>
      </div>
    </a>
    <a
      className="m-project-update-list__item"
      href="/projects/early-morning-and-late-night-bus-service-pilots/update/early-morning-and-late-night"
    >
      <div>
        <img
          alt="A bus pulled up to a bus shelter late at night, with a rider walking away, and an ad for late night bus service on the shelter wall, which reads, &quot;Late-night buses. If you&#039;re working late, so are we. Extended bus hours are here for you.&quot;."
          className="m-project-update__photo"
          src="https://live-mbta.pantheonsite.io/sites/default/files/styles/teaser/public/media/2019-08/Bus_Late%20Night%20Bus%20Shelters_2019-6213.jpg?itok=VvFzWkH4"
        />
      </div>
      <div
        className="m-project-update__date u-small-caps"
      >
        August 23, 2019
      </div>
      <h3
        className="m-project-update__title"
      >
        Early Morning and Late Night Service Becomes Permanent
      </h3>
      <div
        className="m-route-pills"
      >
        <span
          aria-hidden="false"
          className="notranslate c-svg__icon m-featured-project__route-icon"
          dangerouslySetInnerHTML={
            Object {
              "__html": "SVG",
            }
          }
        />
      </div>
    </a>
    <a
      className="m-project-update-list__item"
      href="/projects/bus-transit-priority/update/brighton-ave-bus-lane"
    >
      <div>
        <img
          alt="A 57 bus travels in a dedicated bus lane on Brighton Ave in Allston, with &quot;Bus Bike Only&quot; prominently stenciled in the dark red lane."
          className="m-project-update__photo"
          src="https://live-mbta.pantheonsite.io/sites/default/files/styles/teaser/public/media/2019-08/Bus_Allston_Dedicated_Lane_2019-4908.jpg?itok=dP6bWBYi"
        />
      </div>
      <div
        className="m-project-update__date u-small-caps"
      >
        August 20, 2019
      </div>
      <h3
        className="m-project-update__title"
      >
        Brighton Ave Bus Lane
      </h3>
      <div
        className="m-route-pills"
      >
        <span
          aria-hidden="false"
          className="notranslate c-svg__icon m-featured-project__route-icon"
          dangerouslySetInnerHTML={
            Object {
              "__html": "SVG",
            }
          }
        />
      </div>
    </a>
  </div>,
]
`;
