// Jest Snapshot v1, https://goo.gl/fbAQLP

exports[`Merge component renders and matches snapshot 1`] = `
"<Provider store={{...}}>
  <svg>
    <Merges lineDiagram={{...}}>
      <g className=\\"line-diagram-svg__merge\\">
        <Line from={{...}} to={{...}}>
          <line className=\\"line-diagram-svg__line\\" strokeWidth=\\"10px\\" x1=\\"10px\\" x2=\\"10px\\" y1=\\"150px\\" y2=\\"290px\\" />
        </Line>
        <path strokeWidth=\\"10px\\" d=\\"M10,250 v-34 a-6,-6 0 0 0 -6,-6 h6\\" />
        <path strokeWidth=\\"10px\\" d=\\"M10,170 v46 a-6,-6 0 0 0 -6,-6 h6\\" />
      </g>
    </Merges>
  </svg>
</Provider>"
`;
