// Jest Snapshot v1, https://goo.gl/fbAQLP

exports[`Merges renders and matches snapshot 1`] = `
"<Provider store={{...}}>
  <svg>
    <Merges stopTree={{...}} alerts={{...}}>
      <g className=\\"line-diagram-svg__merge\\">
        <Line stopTree={{...}} fromId=\\"a2\\" toId=\\"m1\\" alerts={{...}} />
        <Line stopTree={{...}} fromId=\\"c2\\" toId=\\"m2\\" alerts={{...}} />
        <Line stopTree={{...}} fromId=\\"m3\\" toId=\\"y1\\" alerts={{...}} />
      </g>
    </Merges>
  </svg>
</Provider>"
`;
