// Jest Snapshot v1, https://goo.gl/fbAQLP

exports[`Accessibility it renders 1`] = `
Array [
  <h3
    aria-controls="panel-accessibility"
    aria-expanded={true}
    className="c-expandable-block__header "
    id="header-accessibility"
    onClick={[Function]}
    onKeyPress={[Function]}
    role="button"
    tabIndex={0}
  >
    <span
      aria-hidden="true"
      className="notranslate c-expandable-block__header-icon"
      dangerouslySetInnerHTML={
        Object {
          "__html": "SVG",
        }
      }
    />
    <div
      className="c-expandable-block__header-text"
    >
      Accessibility
      <span
        className="fa c-expandable-block__header-caret"
        dangerouslySetInnerHTML={
          Object {
            "__html": "&#xF106;",
          }
        }
      />
    </div>
  </h3>,
  <div
    aria-labelledby="header-accessibility"
    className="c-expandable-block__panel "
    id="panel-accessibility"
    role="region"
    tabIndex={0}
  >
    <p
      id="accessibility-level"
    >
      South Station is accessible. 
    </p>
    <div
      id="accessibility-features"
    >
      It 
      has the following features:
      <ul
        className="m-stop-page__sidebar-list"
      >
        <li
          className="c-unordered-list-item"
        >
          Escalator (up and down)
        </li>
        <li
          className="c-unordered-list-item"
        >
          Elevator
        </li>
        <li
          className="c-unordered-list-item"
        >
          Full high level platform to provide level boarding to every car in a train set
        </li>
      </ul>
    </div>
    <p>
      <a
        className="c-call-to-action"
        href="/customer-support?comments=MBTA | Accessibility issue "
      >
        Report an elevator, escalator, or other accessibility issue
      </a>
    </p>
    <p>
      <a
        className="c-call-to-action"
        href="/accessibility"
      >
        Learn more about accessibility
      </a>
    </p>
  </div>,
  <noscript>
    <style>
      #header-accessibility { display: none; }
    </style>
    <h3
      className="c-expandable-block__header"
    >
      <span
        aria-hidden="true"
        className="notranslate c-expandable-block__header-icon"
        dangerouslySetInnerHTML={
          Object {
            "__html": "SVG",
          }
        }
      />
      Accessibility
      <span
        className="fa c-expandable-block__header-caret"
        dangerouslySetInnerHTML={
          Object {
            "__html": "&#xF106;",
          }
        }
      />
    </h3>
    <div
      className="c-expandable-block__panel"
      role="region"
    >
      <p
        id="accessibility-level"
      >
        South Station is accessible. 
      </p>
      <div
        id="accessibility-features"
      >
        It 
        has the following features:
        <ul
          className="m-stop-page__sidebar-list"
        >
          <li
            className="c-unordered-list-item"
          >
            Escalator (up and down)
          </li>
          <li
            className="c-unordered-list-item"
          >
            Elevator
          </li>
          <li
            className="c-unordered-list-item"
          >
            Full high level platform to provide level boarding to every car in a train set
          </li>
        </ul>
      </div>
      <p>
        <a
          className="c-call-to-action"
          href="/customer-support?comments=MBTA | Accessibility issue "
        >
          Report an elevator, escalator, or other accessibility issue
        </a>
      </p>
      <p>
        <a
          className="c-call-to-action"
          href="/accessibility"
        >
          Learn more about accessibility
        </a>
      </p>
    </div>
  </noscript>,
]
`;
