// Jest Snapshot v1, https://goo.gl/fbAQLP

exports[`it renders 1`] = `
<div
  className="breadcrumb-container"
>
  <div
    className="container p-0"
  >
    <span
      className="focusable-sm-down"
    >
      <a
        href="/"
      >
        Home
      </a>
      <i
        aria-hidden="true"
        className="fa fa-angle-right"
      />
    </span>
    <span>
      <a
        href="/stops/subway"
      >
        Stations
      </a>
      <i
        aria-hidden="true"
        className="fa fa-angle-right"
      />
    </span>
    South Station
  </div>
</div>
`;
