// Jest Snapshot v1, https://goo.gl/fbAQLP

exports[`it renders 1`] = `
<div>
  <h5>
    Schedule Direction Component
  </h5>
  <p
    id="direction-name"
  >
    Inbound
  </p>
  <p
    id="active-shape"
  >
    Shape 2
  </p>
  <div>
    <select
      onChange={[Function]}
      value="pattern-2"
    >
      <option
        value="pattern-2"
      >
        Pattern 2
      </option>
    </select>
  </div>
  <button
    onClick={[Function]}
  >
    Change Direction
  </button>
</div>
`;
