// Jest Snapshot v1, https://goo.gl/fbAQLP

exports[`Diagram renders and matches snapshot 1`] = `
"<Provider store={{...}}>
  <Diagram stopTree={{...}} route={{...}} directionId={1} alerts={{...}} liveData={{...}}>
    <svg xmlns=\\"http://www.w3.org/2000/svg\\" role=\\"img\\" aria-labelledby=\\"diagram-title diagram-desc\\" className=\\"line-diagram-svg bus\\" width=\\"36px\\" height=\\"100%\\" style={{...}}>
      <title id=\\"diagram-title\\">
        Line diagram for 
        route 1
      </title>
      <desc id=\\"diagram-desc\\">
        8 stops going Inbound to End
        Use undefined to transfer to trains on  branches.
      </desc>
      <defs>
        <pattern id=\\"diagonalHatch\\" width=\\"10\\" height=\\"10\\" patternTransform=\\"rotate(45 0 0)\\" patternUnits=\\"userSpaceOnUse\\">
          <line className=\\"line-diagram-svg__line\\" y2={8} strokeWidth=\\"16px\\" />
        </pattern>
      </defs>
      <Merges stopTree={{...}} alerts={{...}}>
        <g className=\\"line-diagram-svg__merge\\">
          <Line stopTree={{...}} fromId=\\"a2\\" toId=\\"m1\\" alerts={{...}} />
          <Line stopTree={{...}} fromId=\\"c2\\" toId=\\"m2\\" alerts={{...}} />
          <Line stopTree={{...}} fromId=\\"m3\\" toId=\\"y1\\" alerts={{...}} />
        </g>
      </Merges>
      <Line stopTree={{...}} fromId=\\"a1\\" toId=\\"a2\\" alerts={{...}} />
      <Line stopTree={{...}} fromId=\\"a2\\" toId=\\"m1\\" alerts={{...}} />
      <Line stopTree={{...}} fromId=\\"b1\\" toId=\\"b2\\" alerts={{...}} />
      <Line stopTree={{...}} fromId=\\"b2\\" toId=\\"b3\\" alerts={{...}} />
      <Line stopTree={{...}} fromId=\\"b3\\" toId=\\"m1\\" alerts={{...}} />
      <Line stopTree={{...}} fromId=\\"c1\\" toId=\\"c2\\" alerts={{...}} />
      <Line stopTree={{...}} fromId=\\"c2\\" toId=\\"m2\\" alerts={{...}} />
      <Line stopTree={{...}} fromId=\\"m1\\" toId=\\"m2\\" alerts={{...}} />
      <Line stopTree={{...}} fromId=\\"m2\\" toId=\\"m3\\" alerts={{...}} />
      <Line stopTree={{...}} fromId=\\"m3\\" toId=\\"x1\\" alerts={{...}} />
      <Line stopTree={{...}} fromId=\\"m3\\" toId=\\"y1\\" alerts={{...}} />
      <Line stopTree={{...}} fromId=\\"x1\\" toId=\\"x2\\" alerts={{...}} />
      <Stop stopId=\\"a1\\" />
      <Stop stopId=\\"a2\\" />
      <Stop stopId=\\"b1\\" />
      <Stop stopId=\\"b2\\" />
      <Stop stopId=\\"b3\\" />
      <Stop stopId=\\"c1\\" />
      <Stop stopId=\\"c2\\" />
      <Stop stopId=\\"m1\\" />
      <Stop stopId=\\"m2\\" />
      <Stop stopId=\\"m3\\" />
      <Stop stopId=\\"x1\\" />
      <Stop stopId=\\"x2\\" />
      <Stop stopId=\\"y1\\" />
    </svg>
  </Diagram>
</Provider>"
`;
